// Jest Snapshot v1, https://goo.gl/fbAQLP

exports[`NoteListMain component renders a .NoteListMain by default 1`] = `
<section
  className="NoteListMain"
>
  <NotefulError>
    <ul />
    <div
      className="NoteListMain__button-container"
    >
      <NavAddButton
        className="NoteListMain__add-note-button"
        tag={[Function]}
        to="/add-note"
        type="button"
      >
        Add Note
        <br />
      </NavAddButton>
    </div>
  </NotefulError>
</section>
`;

exports[`NoteListMain component renders a Note in ul for each notes in array 1`] = `<ul />`;
